exports[`test projectUrlFor("execa") 1`] = `"https://github.com/sindresorhus/execa"`;
