exports[`test nameToMarkdown("execa") 1`] = `"[execa](https://www.npmjs.com/package/execa)"`;
